../Core/Src/driver_ina219.c:72:16:a_ina219_iic_read	40	static
../Core/Src/driver_ina219.c:99:16:a_ina219_iic_write	32	static
../Core/Src/driver_ina219.c:124:9:ina219_set_resistance	24	static
../Core/Src/driver_ina219.c:145:9:ina219_get_resistance	16	static
../Core/Src/driver_ina219.c:166:9:ina219_set_addr_pin	16	static
../Core/Src/driver_ina219.c:187:9:ina219_get_addr_pin	16	static
../Core/Src/driver_ina219.c:209:9:ina219_soft_reset	24	static
../Core/Src/driver_ina219.c:247:9:ina219_set_bus_voltage_range	24	static
../Core/Src/driver_ina219.c:285:9:ina219_get_bus_voltage_range	24	static
../Core/Src/driver_ina219.c:322:9:ina219_set_pga	24	static
../Core/Src/driver_ina219.c:360:9:ina219_get_pga	24	static
../Core/Src/driver_ina219.c:397:9:ina219_set_bus_voltage_adc_mode	24	static
../Core/Src/driver_ina219.c:435:9:ina219_get_bus_voltage_adc_mode	24	static
../Core/Src/driver_ina219.c:472:9:ina219_set_shunt_voltage_adc_mode	24	static
../Core/Src/driver_ina219.c:510:9:ina219_get_shunt_voltage_adc_mode	24	static
../Core/Src/driver_ina219.c:547:9:ina219_set_mode	24	static
../Core/Src/driver_ina219.c:614:9:ina219_get_mode	24	static
../Core/Src/driver_ina219.c:652:9:ina219_read_shunt_voltage	32	static
../Core/Src/driver_ina219.c:697:9:ina219_read_bus_voltage	32	static
../Core/Src/driver_ina219.c:747:9:ina219_read_current	32	static
../Core/Src/driver_ina219.c:790:9:ina219_read_power	32	static
../Core/Src/driver_ina219.c:826:9:ina219_get_calibration	24	static
../Core/Src/driver_ina219.c:863:9:ina219_calculate_calibration	40	static
../Core/Src/driver_ina219.c:957:9:ina219_set_calibration	24	static
../Core/Src/driver_ina219.c:992:9:ina219_init	24	static
../Core/Src/driver_ina219.c:1092:9:ina219_deinit	24	static
../Core/Src/driver_ina219.c:1144:9:ina219_set_reg	16	static
../Core/Src/driver_ina219.c:1170:9:ina219_get_reg	24	static
../Core/Src/driver_ina219.c:1192:9:ina219_info	16	static
